// Jest Snapshot v1, https://goo.gl/fbAQLP

exports[`HomePage component should render the Homepage correctly 1`] = `
<ContextConsumer>
  <Component />
</ContextConsumer>
`;
