// Jest Snapshot v1, https://goo.gl/fbAQLP

exports[`NotFoundPage component should render the NotFoundPage correctly 1`] = `
<div>
  Error 404 !
</div>
`;
