// Jest Snapshot v1, https://goo.gl/fbAQLP

exports[`UploadEdit should render correctly the component 1`] = `
<div
  className="content-wrapper upload-page edit-page"
>
  <div
    className="container-fluid u-details-wrap"
  >
    <div
      className="row"
    >
      <div
        className="container"
      >
        <div
          className="col-lg-12"
        >
          <div
            className="u-details"
          >
            <div
              className="row"
            >
              <div
                className="col-lg-12 ud-caption"
              >
                Upload Details
              </div>
              <div
                className="col-lg-2"
              >
                <div
                  className="imgplace"
                >
                  <img
                    alt="cover"
                    src={null}
                  />
                </div>
              </div>
              <div
                className="col-lg-10"
              >
                <div
                  className="u-title"
                >
                  My test Video
                </div>
                <div
                  className="u-size"
                >
                  <b>
                    Size :
                  </b>
                   
                  130 bytes
                   
                  <b>
                    Length:
                  </b>
                   
                  37 minutes, 10 seconds
                </div>
                <div
                  className="u-progress"
                >
                  <div
                    className="progress"
                  >
                    <div
                      aria-valuemax="100"
                      aria-valuemin="0"
                      aria-valuenow="100"
                      className="progress-bar"
                      role="progressbar"
                      style={
                        Object {
                          "width": "100%",
                        }
                      }
                    >
                      <span
                        className="sr-only"
                      >
                        100% Complete
                      </span>
                    </div>
                  </div>
                  <div
                    className="u-close"
                  >
                    <a
                      href="/"
                    >
                      <i
                        className="cvicon-cv-cancel"
                      />
                    </a>
                  </div>
                </div>
                <div
                  className="u-desc"
                >
                  Your video is uploaded, please edit, add tags and save.
                </div>
              </div>
            </div>
          </div>
        </div>
      </div>
    </div>
  </div>
  <div
    className="container"
  >
    <div
      className="row"
    >
      <div
        className="col-lg-12"
      >
        <div
          className="u-form"
        >
          <div
            className="row"
          >
            <div
              className="col-lg-12"
            >
              <div
                className="form-group"
              >
                <label
                  htmlFor="e1"
                >
                  Video Title
                </label>
                <input
                  className="form-control"
                  id="e1"
                  onChange={[Function]}
                  type="text"
                  value="My test Video"
                />
              </div>
            </div>
            <div
              className="col-lg-12"
            >
              <div
                className="form-group"
              >
                <label
                  htmlFor="e2"
                >
                  About
                </label>
                <textarea
                  className="form-control"
                  id="e2"
                  name="e2"
                  onChange={[Function]}
                  placeholder="Description of your video"
                  rows="3"
                  value="This is my test Video..."
                />
              </div>
            </div>
            <div
              className="col-lg-12"
            >
              <div
                className="form-group"
              >
                <DragDropContext(ReactTags)
                  className="form-control"
                  delimiters={
                    Array [
                      188,
                      13,
                    ]
                  }
                  handleAddition={[Function]}
                  handleDelete={[Function]}
                  handleDrag={[Function]}
                  tags={
                    Array [
                      Object {
                        "id": "text",
                        "text": "text",
                      },
                    ]
                  }
                />
              </div>
            </div>
          </div>
        </div>
        <div
          className="u-area"
        >
          <button
            className="btn btn-primary u-btn"
            onClick={[Function]}
            type="submit"
          >
            Save
          </button>
        </div>
        <div
          className="u-terms"
        >
          <p>
            By submitting your videos to us, you acknowledge that you agree to circle's 
            <a
              href="/"
            >
              Terms of Service
            </a>
             and 
            <a
              href="/"
            >
              Community Guidelines
            </a>
            .
          </p>
          <p>
            Please be sure not to violate others' copyright or privacy rights. Learn more
          </p>
        </div>
      </div>
    </div>
  </div>
</div>
`;

exports[`UploadEdit should render the loading spinner if loading 1`] = `<_default />`;
